-1:empty,empty,enemy,empty,enemy,empty,chest,stopingEnemy,enemy,empty,empty,enemy,empty,stopingEnemy
-2:empty,enemy,enemy,enemy,empty,chest,stopingEnemy,enemy,enemy,chest,empty,enemy,chest,enemy,stopingNpc,empty,chest,stopingEnemy,empty,stopingEnemy
-3:enemy,enemy,chest,enemy,door,chest,stopingNpc,empty,empty,chest,enemy,enemy,stopingEnemy
-4:shop,chest,chest,chest,chest,door,empty,enemy,empty,enemy,empty,enemy,empty,enemy,empty,enemy,stopingNpc,door,empty,chest,stopingEnemy,stopingEnemy
-5:stopingEnemy
-6:empty,stopingEnemy,stopingEnemy,stopingEnemy,stopingEnemy,chest,stopingEnemy,stopingEnemy,stopingEnemy,stopingEnemy,chest,stopingEnemy,stopingEnemy,stopingEnemy,stopingEnemy,chest,stopingEnemy,stopingEnemy,stopingEnemy,stopingEnemy,chest,stopingEnemy,stopingEnemy,chest,stopingEnemy

-10:empty,enemy,enemy,stopingEnemy,door,enemy,enemy,stopingEnemy,door,enemy,enemy,stopingEnemy,door,enemy,enemy,stopingEnemy
-11:empty,stopingEnemy,enemy,stopingEnemy,enemy,stopingEnemy,enemy,stopingEnemy,enemey,